\BOOKMARK [0][]{section*.1}{\376\377\000L\000i\000s\000t\000\040\000o\000f\000\040\000F\000i\000g\000u\000r\000e\000s}{}% 1
\BOOKMARK [0][]{chapter.1}{\376\377\000I\000n\000t\000r\000o\000d\000u\000c\000t\000i\000o\000n}{}% 2
\BOOKMARK [1][]{section.1.1}{\376\377\000G\000o\000a\000l}{chapter.1}% 3
\BOOKMARK [1][]{section.1.2}{\376\377\000T\000a\000r\000g\000e\000t\000\040\000P\000l\000a\000t\000f\000o\000r\000m\000\040\000D\000e\000f\000i\000n\000i\000t\000i\000o\000n}{chapter.1}% 4
\BOOKMARK [1][]{section.1.3}{\376\377\000T\000h\000e\000s\000i\000s\000\040\000S\000t\000r\000u\000c\000t\000u\000r\000e}{chapter.1}% 5
\BOOKMARK [0][]{chapter.2}{\376\377\000E\000n\000t\000i\000t\000y\000\040\000C\000o\000m\000p\000o\000n\000e\000n\000t\000\040\000S\000y\000s\000t\000e\000m\000s}{}% 6
\BOOKMARK [1][]{section.2.1}{\376\377\000O\000b\000j\000e\000c\000t\000-\000O\000r\000i\000e\000n\000t\000e\000d\000\040\000v\000s\000\040\000D\000a\000t\000a\000-\000O\000r\000i\000e\000n\000t\000e\000d\000\040\000D\000e\000s\000i\000g\000n}{chapter.2}% 7
\BOOKMARK [1][]{section.2.2}{\376\377\000T\000h\000e\000\040\000T\000h\000r\000e\000e\000\040\000P\000i\000l\000l\000a\000r\000s\000\040\000o\000f\000\040\000E\000C\000S}{chapter.2}% 8
\BOOKMARK [2][]{subsection.2.2.1}{\376\377\000T\000r\000a\000d\000e\000-\000o\000f\000f\000s\000\040\000A\000n\000a\000l\000y\000s\000i\000s}{section.2.2}% 9
\BOOKMARK [0][]{chapter.3}{\376\377\000U\000n\000r\000e\000a\000l\000\040\000E\000n\000g\000i\000n\000e\000\040\000M\000a\000s\000s}{}% 10
\BOOKMARK [1][]{section.3.1}{\376\377\000M\000a\000s\000s\000E\000n\000t\000i\000t\000y}{chapter.3}% 11
\BOOKMARK [2][]{subsection.3.1.1}{\376\377\000E\000n\000t\000i\000t\000i\000e\000s}{section.3.1}% 12
\BOOKMARK [2][]{subsection.3.1.2}{\376\377\000M\000e\000m\000o\000r\000y\000\040\000O\000r\000g\000a\000n\000i\000z\000a\000t\000i\000o\000n\000:\000\040\000A\000r\000c\000h\000e\000t\000y\000p\000e\000s\000\040\000a\000n\000d\000\040\000C\000h\000u\000n\000k\000s}{section.3.1}% 13
\BOOKMARK [2][]{subsection.3.1.3}{\376\377\000M\000a\000s\000s\000\040\000E\000x\000e\000c\000u\000t\000i\000o\000n\000\040\000E\000n\000v\000i\000r\000o\000n\000m\000e\000n\000t}{section.3.1}% 14
\BOOKMARK [2][]{subsection.3.1.4}{\376\377\000E\000n\000t\000i\000t\000y\000\040\000P\000r\000o\000c\000e\000s\000s\000i\000n\000g\000\040\000a\000n\000d\000\040\000I\000n\000t\000e\000r\000a\000c\000t\000i\000o\000n}{section.3.1}% 15
\BOOKMARK [2][]{subsection.3.1.5}{\376\377\000F\000r\000a\000g\000m\000e\000n\000t\000s\000\040\000a\000n\000d\000\040\000T\000a\000g\000s}{section.3.1}% 16
\BOOKMARK [2][]{subsection.3.1.6}{\376\377\000T\000r\000a\000i\000t\000s}{section.3.1}% 17
\BOOKMARK [2][]{subsection.3.1.7}{\376\377\000P\000r\000o\000c\000e\000s\000s\000o\000r\000s\000\040\000a\000n\000d\000\040\000Q\000u\000e\000r\000i\000e\000s}{section.3.1}% 18
\BOOKMARK [1][]{section.3.2}{\376\377\000B\000r\000i\000d\000g\000i\000n\000g\000\040\000t\000h\000e\000\040\000E\000C\000S\000\040\000a\000n\000d\000\040\000O\000O\000P\000\040\000A\000r\000c\000h\000i\000t\000e\000c\000t\000u\000r\000e\000s}{chapter.3}% 19
\BOOKMARK [2][]{subsection.3.2.1}{\376\377\000D\000a\000t\000a\000\040\000S\000y\000n\000c\000h\000r\000o\000n\000i\000z\000a\000t\000i\000o\000n\000\040\000M\000o\000d\000e\000s}{section.3.2}% 20
\BOOKMARK [1][]{section.3.3}{\376\377\000A\000d\000d\000i\000t\000i\000o\000n\000a\000l\000\040\000M\000a\000s\000s\000\040\000P\000l\000u\000g\000i\000n\000s}{chapter.3}% 21
\BOOKMARK [2][]{subsection.3.3.1}{\376\377\000M\000a\000s\000s\000G\000a\000m\000e\000p\000l\000a\000y}{section.3.3}% 22
\BOOKMARK [2][]{subsection.3.3.2}{\376\377\000M\000a\000s\000s\000A\000I}{section.3.3}% 23
\BOOKMARK [2][]{subsection.3.3.3}{\376\377\000M\000a\000s\000s\000C\000r\000o\000w\000d}{section.3.3}% 24
\BOOKMARK [0][]{chapter.4}{\376\377\000L\000a\000r\000g\000e\000-\000S\000c\000a\000l\000e\000\040\000E\000n\000t\000i\000t\000y\000\040\000R\000e\000p\000r\000e\000s\000e\000n\000t\000a\000t\000i\000o\000n}{}% 25
\BOOKMARK [1][]{section.4.1}{\376\377\000A\000c\000t\000o\000r\000-\000b\000a\000s\000e\000d\000\040\000R\000e\000p\000r\000e\000s\000e\000n\000t\000a\000t\000i\000o\000n\000\040\000L\000i\000m\000i\000t\000a\000t\000i\000o\000n\000s}{chapter.4}% 26
\BOOKMARK [2][]{subsection.4.1.1}{\376\377\000T\000h\000e\000\040\000M\000a\000s\000s\000\040\000S\000o\000l\000u\000t\000i\000o\000n}{section.4.1}% 27
\BOOKMARK [1][]{section.4.2}{\376\377\000M\000a\000s\000s\000\040\000L\000e\000v\000e\000l\000\040\000O\000f\000\040\000D\000e\000t\000a\000i\000l}{chapter.4}% 28
\BOOKMARK [2][]{subsection.4.2.1}{\376\377\000M\000a\000s\000s\000\040\000L\000O\000D\000\040\000O\000v\000e\000r\000v\000i\000e\000w}{section.4.2}% 29
\BOOKMARK [2][]{subsection.4.2.2}{\376\377\000M\000a\000s\000s\000\040\000L\000O\000D\000\040\000S\000u\000b\000s\000y\000s\000t\000e\000m}{section.4.2}% 30
\BOOKMARK [1][]{section.4.3}{\376\377\000M\000a\000s\000s\000\040\000R\000e\000p\000r\000e\000s\000e\000n\000t\000a\000t\000i\000o\000n}{chapter.4}% 31
\BOOKMARK [2][]{subsection.4.3.1}{\376\377\000V\000e\000r\000t\000e\000x\000\040\000A\000n\000i\000m\000a\000t\000e\000d\000\040\000I\000S\000M}{section.4.3}% 32
\BOOKMARK [2][]{subsection.4.3.2}{\376\377\000N\000i\000a\000g\000a\000r\000a\000-\000B\000a\000s\000e\000d\000\040\000R\000e\000p\000r\000e\000s\000e\000n\000t\000a\000t\000i\000o\000n}{section.4.3}% 33
\BOOKMARK [1][]{section.4.4}{\376\377\000P\000e\000r\000f\000o\000r\000m\000a\000n\000c\000e\000\040\000A\000n\000a\000l\000y\000s\000i\000s}{chapter.4}% 34
\BOOKMARK [0][]{chapter.5}{\376\377\000D\000e\000c\000i\000s\000i\000o\000n\000\040\000L\000o\000g\000i\000c\000\040\000a\000n\000d\000\040\000S\000t\000a\000t\000e\000\040\000M\000a\000n\000a\000g\000e\000m\000e\000n\000t}{}% 35
\BOOKMARK [1][]{section.5.1}{\376\377\000S\000t\000a\000t\000e\000\040\000T\000r\000e\000e}{chapter.5}% 36
\BOOKMARK [2][]{subsection.5.1.1}{\376\377\000A\000r\000c\000h\000i\000t\000e\000c\000t\000u\000r\000e}{section.5.1}% 37
\BOOKMARK [2][]{subsection.5.1.2}{\376\377\000S\000e\000l\000e\000c\000t\000i\000o\000n\000\040\000a\000n\000d\000\040\000T\000r\000a\000n\000s\000i\000t\000i\000o\000n\000\040\000F\000l\000o\000w}{section.5.1}% 38
\BOOKMARK [2][]{subsection.5.1.3}{\376\377\000S\000t\000a\000t\000e\000\040\000T\000r\000e\000e\000\040\000S\000c\000h\000e\000m\000a\000s}{section.5.1}% 39
\BOOKMARK [2][]{subsection.5.1.4}{\376\377\000D\000a\000t\000a\000\040\000M\000a\000n\000a\000g\000e\000m\000e\000n\000t}{section.5.1}% 40
\BOOKMARK [1][]{section.5.2}{\376\377\000M\000a\000s\000s\000\040\000a\000n\000d\000\040\000S\000t\000a\000t\000e\000\040\000T\000r\000e\000e}{chapter.5}% 41
\BOOKMARK [2][]{subsection.5.2.1}{\376\377\000M\000a\000s\000s\000\040\000S\000t\000a\000t\000e\000\040\000T\000r\000e\000e\000\040\000S\000c\000h\000e\000m\000a}{section.5.2}% 42
\BOOKMARK [2][]{subsection.5.2.2}{\376\377\000D\000a\000t\000a\000\040\000H\000a\000n\000d\000l\000i\000n\000g\000\040\000a\000n\000d\000\040\000M\000e\000m\000o\000r\000y\000\040\000L\000o\000c\000a\000l\000i\000t\000y}{section.5.2}% 43
\BOOKMARK [2][]{subsection.5.2.3}{\376\377\000T\000r\000a\000n\000s\000i\000t\000i\000o\000n\000\040\000H\000a\000n\000d\000l\000i\000n\000g\000\040\000a\000n\000d\000\040\000L\000o\000g\000i\000c\000\040\000F\000l\000o\000w}{section.5.2}% 44
\BOOKMARK [0][]{chapter.6}{\376\377\000N\000a\000v\000i\000g\000a\000t\000i\000o\000n\000\040\000i\000n\000\040\000t\000h\000e\000\040\000M\000a\000s\000s\000\040\000F\000r\000a\000m\000e\000w\000o\000r\000k}{}% 45
\BOOKMARK [1][]{section.6.1}{\376\377\000O\000v\000e\000r\000v\000i\000e\000w}{chapter.6}% 46
\BOOKMARK [1][]{section.6.2}{\376\377\000Z\000o\000n\000e\000G\000r\000a\000p\000h}{chapter.6}% 47
\BOOKMARK [2][]{subsection.6.2.1}{\376\377\000Z\000o\000n\000e\000s}{section.6.2}% 48
\BOOKMARK [2][]{subsection.6.2.2}{\376\377\000L\000a\000n\000e\000s}{section.6.2}% 49
\BOOKMARK [2][]{subsection.6.2.3}{\376\377\000I\000n\000t\000e\000r\000s\000e\000c\000t\000i\000o\000n\000s}{section.6.2}% 50
\BOOKMARK [2][]{subsection.6.2.4}{\376\377\000C\000o\000n\000n\000e\000c\000t\000i\000o\000n\000s}{section.6.2}% 51
